Archive member included to satisfy reference by file (symbol)

c:/st/stm32cubeide_1.8.0/stm32cubeide/plugins/com.st.stm32cube.ide.mcu.externaltools.gnu-tools-for-stm32.10.3-2021.10.win32_1.0.0.202111181127/tools/bin/../lib/gcc/arm-none-eabi/10.3.1/../../../../arm-none-eabi/lib/thumb/v6-m/nofp\libc_nano.a(lib_a-errno.o)
                              ./Core/Src/syscalls.o (__errno)
c:/st/stm32cubeide_1.8.0/stm32cubeide/plugins/com.st.stm32cube.ide.mcu.externaltools.gnu-tools-for-stm32.10.3-2021.10.win32_1.0.0.202111181127/tools/bin/../lib/gcc/arm-none-eabi/10.3.1/../../../../arm-none-eabi/lib/thumb/v6-m/nofp\libc_nano.a(lib_a-exit.o)
                              c:/st/stm32cubeide_1.8.0/stm32cubeide/plugins/com.st.stm32cube.ide.mcu.externaltools.gnu-tools-for-stm32.10.3-2021.10.win32_1.0.0.202111181127/tools/bin/../lib/gcc/arm-none-eabi/10.3.1/../../../../arm-none-eabi/lib/thumb/v6-m/nofp/crt0.o (exit)
c:/st/stm32cubeide_1.8.0/stm32cubeide/plugins/com.st.stm32cube.ide.mcu.externaltools.gnu-tools-for-stm32.10.3-2021.10.win32_1.0.0.202111181127/tools/bin/../lib/gcc/arm-none-eabi/10.3.1/../../../../arm-none-eabi/lib/thumb/v6-m/nofp\libc_nano.a(lib_a-impure.o)
                              c:/st/stm32cubeide_1.8.0/stm32cubeide/plugins/com.st.stm32cube.ide.mcu.externaltools.gnu-tools-for-stm32.10.3-2021.10.win32_1.0.0.202111181127/tools/bin/../lib/gcc/arm-none-eabi/10.3.1/../../../../arm-none-eabi/lib/thumb/v6-m/nofp\libc_nano.a(lib_a-exit.o) (_global_impure_ptr)
c:/st/stm32cubeide_1.8.0/stm32cubeide/plugins/com.st.stm32cube.ide.mcu.externaltools.gnu-tools-for-stm32.10.3-2021.10.win32_1.0.0.202111181127/tools/bin/../lib/gcc/arm-none-eabi/10.3.1/../../../../arm-none-eabi/lib/thumb/v6-m/nofp\libc_nano.a(lib_a-init.o)
                              c:/st/stm32cubeide_1.8.0/stm32cubeide/plugins/com.st.stm32cube.ide.mcu.externaltools.gnu-tools-for-stm32.10.3-2021.10.win32_1.0.0.202111181127/tools/bin/../lib/gcc/arm-none-eabi/10.3.1/../../../../arm-none-eabi/lib/thumb/v6-m/nofp/crt0.o (__libc_init_array)
c:/st/stm32cubeide_1.8.0/stm32cubeide/plugins/com.st.stm32cube.ide.mcu.externaltools.gnu-tools-for-stm32.10.3-2021.10.win32_1.0.0.202111181127/tools/bin/../lib/gcc/arm-none-eabi/10.3.1/../../../../arm-none-eabi/lib/thumb/v6-m/nofp\libc_nano.a(lib_a-memcpy-stub.o)
                              ./Core/Lib2/serial/serial.o (memcpy)
c:/st/stm32cubeide_1.8.0/stm32cubeide/plugins/com.st.stm32cube.ide.mcu.externaltools.gnu-tools-for-stm32.10.3-2021.10.win32_1.0.0.202111181127/tools/bin/../lib/gcc/arm-none-eabi/10.3.1/../../../../arm-none-eabi/lib/thumb/v6-m/nofp\libc_nano.a(lib_a-memset.o)
                              c:/st/stm32cubeide_1.8.0/stm32cubeide/plugins/com.st.stm32cube.ide.mcu.externaltools.gnu-tools-for-stm32.10.3-2021.10.win32_1.0.0.202111181127/tools/bin/../lib/gcc/arm-none-eabi/10.3.1/../../../../arm-none-eabi/lib/thumb/v6-m/nofp/crt0.o (memset)
c:/st/stm32cubeide_1.8.0/stm32cubeide/plugins/com.st.stm32cube.ide.mcu.externaltools.gnu-tools-for-stm32.10.3-2021.10.win32_1.0.0.202111181127/tools/bin/../lib/gcc/arm-none-eabi/10.3.1/thumb/v6-m/nofp\libgcc.a(_udivsi3.o)
                              ./Core/Src/system_stm32g0xx.o (__aeabi_uidiv)
c:/st/stm32cubeide_1.8.0/stm32cubeide/plugins/com.st.stm32cube.ide.mcu.externaltools.gnu-tools-for-stm32.10.3-2021.10.win32_1.0.0.202111181127/tools/bin/../lib/gcc/arm-none-eabi/10.3.1/thumb/v6-m/nofp\libgcc.a(_divsi3.o)
                              ./Core/Src/system_stm32g0xx.o (__aeabi_idiv)
c:/st/stm32cubeide_1.8.0/stm32cubeide/plugins/com.st.stm32cube.ide.mcu.externaltools.gnu-tools-for-stm32.10.3-2021.10.win32_1.0.0.202111181127/tools/bin/../lib/gcc/arm-none-eabi/10.3.1/thumb/v6-m/nofp\libgcc.a(_dvmd_tls.o)
                              c:/st/stm32cubeide_1.8.0/stm32cubeide/plugins/com.st.stm32cube.ide.mcu.externaltools.gnu-tools-for-stm32.10.3-2021.10.win32_1.0.0.202111181127/tools/bin/../lib/gcc/arm-none-eabi/10.3.1/thumb/v6-m/nofp\libgcc.a(_udivsi3.o) (__aeabi_idiv0)

Discarded input sections

 .text          0x0000000000000000        0x0 c:/st/stm32cubeide_1.8.0/stm32cubeide/plugins/com.st.stm32cube.ide.mcu.externaltools.gnu-tools-for-stm32.10.3-2021.10.win32_1.0.0.202111181127/tools/bin/../lib/gcc/arm-none-eabi/10.3.1/thumb/v6-m/nofp/crti.o
 .data          0x0000000000000000        0x0 c:/st/stm32cubeide_1.8.0/stm32cubeide/plugins/com.st.stm32cube.ide.mcu.externaltools.gnu-tools-for-stm32.10.3-2021.10.win32_1.0.0.202111181127/tools/bin/../lib/gcc/arm-none-eabi/10.3.1/thumb/v6-m/nofp/crti.o
 .bss           0x0000000000000000        0x0 c:/st/stm32cubeide_1.8.0/stm32cubeide/plugins/com.st.stm32cube.ide.mcu.externaltools.gnu-tools-for-stm32.10.3-2021.10.win32_1.0.0.202111181127/tools/bin/../lib/gcc/arm-none-eabi/10.3.1/thumb/v6-m/nofp/crti.o
[...]
Memory Configuration

Name             Origin             Length             Attributes
RAM              0x0000000020000000 0x0000000000002000 xrw
FLASH            0x0000000008000000 0x0000000000010000 xr
*default*        0x0000000000000000 0xffffffffffffffff

Linker script and memory map

LOAD c:/st/stm32cubeide_1.8.0/stm32cubeide/plugins/com.st.stm32cube.ide.mcu.externaltools.gnu-tools-for-stm32.10.3-2021.10.win32_1.0.0.202111181127/tools/bin/../lib/gcc/arm-none-eabi/10.3.1/thumb/v6-m/nofp/crti.o
LOAD c:/st/stm32cubeide_1.8.0/stm32cubeide/plugins/com.st.stm32cube.ide.mcu.externaltools.gnu-tools-for-stm32.10.3-2021.10.win32_1.0.0.202111181127/tools/bin/../lib/gcc/arm-none-eabi/10.3.1/thumb/v6-m/nofp/crtbegin.o
LOAD c:/st/stm32cubeide_1.8.0/stm32cubeide/plugins/com.st.stm32cube.ide.mcu.externaltools.gnu-tools-for-stm32.10.3-2021.10.win32_1.0.0.202111181127/tools/bin/../lib/gcc/arm-none-eabi/10.3.1/../../../../arm-none-eabi/lib/thumb/v6-m/nofp/crt0.o
LOAD ./Core/Lib2/app/app.o
LOAD ./Core/Lib2/serial/serial.o
LOAD ./Core/Lib2/serial/serial_port.o
LOAD ./Core/Src/main.o
LOAD ./Core/Src/stm32g0xx_it.o
LOAD ./Core/Src/syscalls.o
LOAD ./Core/Src/sysmem.o
LOAD ./Core/Src/system_stm32g0xx.o
LOAD ./Core/Startup/startup_stm32g031f8px.o
LOAD ./Drivers/STM32G0xx_HAL_Driver/Src/stm32g0xx_ll_dma.o
LOAD ./Drivers/STM32G0xx_HAL_Driver/Src/stm32g0xx_ll_exti.o
LOAD ./Drivers/STM32G0xx_HAL_Driver/Src/stm32g0xx_ll_gpio.o
LOAD ./Drivers/STM32G0xx_HAL_Driver/Src/stm32g0xx_ll_pwr.o
LOAD ./Drivers/STM32G0xx_HAL_Driver/Src/stm32g0xx_ll_rcc.o
LOAD ./Drivers/STM32G0xx_HAL_Driver/Src/stm32g0xx_ll_usart.o
LOAD ./Drivers/STM32G0xx_HAL_Driver/Src/stm32g0xx_ll_utils.o
START GROUP
LOAD c:/st/stm32cubeide_1.8.0/stm32cubeide/plugins/com.st.stm32cube.ide.mcu.externaltools.gnu-tools-for-stm32.10.3-2021.10.win32_1.0.0.202111181127/tools/bin/../lib/gcc/arm-none-eabi/10.3.1/../../../../arm-none-eabi/lib/thumb/v6-m/nofp\libc_nano.a
LOAD c:/st/stm32cubeide_1.8.0/stm32cubeide/plugins/com.st.stm32cube.ide.mcu.externaltools.gnu-tools-for-stm32.10.3-2021.10.win32_1.0.0.202111181127/tools/bin/../lib/gcc/arm-none-eabi/10.3.1/../../../../arm-none-eabi/lib/thumb/v6-m/nofp\libm.a
END GROUP
START GROUP
LOAD c:/st/stm32cubeide_1.8.0/stm32cubeide/plugins/com.st.stm32cube.ide.mcu.externaltools.gnu-tools-for-stm32.10.3-2021.10.win32_1.0.0.202111181127/tools/bin/../lib/gcc/arm-none-eabi/10.3.1/thumb/v6-m/nofp\libgcc.a
LOAD c:/st/stm32cubeide_1.8.0/stm32cubeide/plugins/com.st.stm32cube.ide.mcu.externaltools.gnu-tools-for-stm32.10.3-2021.10.win32_1.0.0.202111181127/tools/bin/../lib/gcc/arm-none-eabi/10.3.1/../../../../arm-none-eabi/lib/thumb/v6-m/nofp\libc_nano.a
END GROUP
START GROUP
LOAD c:/st/stm32cubeide_1.8.0/stm32cubeide/plugins/com.st.stm32cube.ide.mcu.externaltools.gnu-tools-for-stm32.10.3-2021.10.win32_1.0.0.202111181127/tools/bin/../lib/gcc/arm-none-eabi/10.3.1/thumb/v6-m/nofp\libgcc.a
LOAD c:/st/stm32cubeide_1.8.0/stm32cubeide/plugins/com.st.stm32cube.ide.mcu.externaltools.gnu-tools-for-stm32.10.3-2021.10.win32_1.0.0.202111181127/tools/bin/../lib/gcc/arm-none-eabi/10.3.1/../../../../arm-none-eabi/lib/thumb/v6-m/nofp\libc_nano.a
LOAD c:/st/stm32cubeide_1.8.0/stm32cubeide/plugins/com.st.stm32cube.ide.mcu.externaltools.gnu-tools-for-stm32.10.3-2021.10.win32_1.0.0.202111181127/tools/bin/../lib/gcc/arm-none-eabi/10.3.1/../../../../arm-none-eabi/lib/thumb/v6-m/nofp\libnosys.a
END GROUP
START GROUP
LOAD c:/st/stm32cubeide_1.8.0/stm32cubeide/plugins/com.st.stm32cube.ide.mcu.externaltools.gnu-tools-for-stm32.10.3-2021.10.win32_1.0.0.202111181127/tools/bin/../lib/gcc/arm-none-eabi/10.3.1/thumb/v6-m/nofp\libgcc.a
LOAD c:/st/stm32cubeide_1.8.0/stm32cubeide/plugins/com.st.stm32cube.ide.mcu.externaltools.gnu-tools-for-stm32.10.3-2021.10.win32_1.0.0.202111181127/tools/bin/../lib/gcc/arm-none-eabi/10.3.1/../../../../arm-none-eabi/lib/thumb/v6-m/nofp\libc_nano.a
LOAD c:/st/stm32cubeide_1.8.0/stm32cubeide/plugins/com.st.stm32cube.ide.mcu.externaltools.gnu-tools-for-stm32.10.3-2021.10.win32_1.0.0.202111181127/tools/bin/../lib/gcc/arm-none-eabi/10.3.1/../../../../arm-none-eabi/lib/thumb/v6-m/nofp\libnosys.a
END GROUP
LOAD c:/st/stm32cubeide_1.8.0/stm32cubeide/plugins/com.st.stm32cube.ide.mcu.externaltools.gnu-tools-for-stm32.10.3-2021.10.win32_1.0.0.202111181127/tools/bin/../lib/gcc/arm-none-eabi/10.3.1/thumb/v6-m/nofp/crtend.o
LOAD c:/st/stm32cubeide_1.8.0/stm32cubeide/plugins/com.st.stm32cube.ide.mcu.externaltools.gnu-tools-for-stm32.10.3-2021.10.win32_1.0.0.202111181127/tools/bin/../lib/gcc/arm-none-eabi/10.3.1/thumb/v6-m/nofp/crtn.o
                0x0000000020002000                _estack = (ORIGIN (RAM) + LENGTH (RAM))
                0x0000000000000200                _Min_Heap_Size = 0x200
                0x0000000000000400                _Min_Stack_Size = 0x400

.isr_vector     0x0000000008000000       0xbc
                0x0000000008000000                . = ALIGN (0x4)
 *(.isr_vector)
 .isr_vector    0x0000000008000000       0xbc ./Core/Startup/startup_stm32g031f8px.o
                0x0000000008000000                g_pfnVectors
                0x00000000080000bc                . = ALIGN (0x4)

.text           0x00000000080000bc      0x828
                0x00000000080000bc                . = ALIGN (0x4)
 *(.text)
 .text          0x00000000080000bc       0x48 c:/st/stm32cubeide_1.8.0/stm32cubeide/plugins/com.st.stm32cube.ide.mcu.externaltools.gnu-tools-for-stm32.10.3-2021.10.win32_1.0.0.202111181127/tools/bin/../lib/gcc/arm-none-eabi/10.3.1/thumb/v6-m/nofp/crtbegin.o
 .text          0x0000000008000104      0x114 c:/st/stm32cubeide_1.8.0/stm32cubeide/plugins/com.st.stm32cube.ide.mcu.externaltools.gnu-tools-for-stm32.10.3-2021.10.win32_1.0.0.202111181127/tools/bin/../lib/gcc/arm-none-eabi/10.3.1/thumb/v6-m/nofp\libgcc.a(_udivsi3.o)
                0x0000000008000104                __aeabi_uidiv
                0x0000000008000104                __udivsi3
                0x0000000008000210                __aeabi_uidivmod
 .text          0x0000000008000218        0x4 c:/st/stm32cubeide_1.8.0/stm32cubeide/plugins/com.st.stm32cube.ide.mcu.externaltools.gnu-tools-for-stm32.10.3-2021.10.win32_1.0.0.202111181127/tools/bin/../lib/gcc/arm-none-eabi/10.3.1/thumb/v6-m/nofp\libgcc.a(_dvmd_tls.o)
                0x0000000008000218                __aeabi_idiv0
                0x0000000008000218                __aeabi_ldiv0
 *(.text*)
 .text.app_init
                0x000000000800021c        0x2 ./Core/Lib2/app/app.o
                0x000000000800021c                app_init
 .text.app_loop
                0x000000000800021e        0x2 ./Core/Lib2/app/app.o
                0x000000000800021e                app_loop
 .text.serial_receive_byte
                0x0000000008000220       0x28 ./Core/Lib2/serial/serial.o
                0x0000000008000220                serial_receive_byte
 .text.serial_1ms_ISR
                0x0000000008000248       0x26 ./Core/Lib2/serial/serial.o
                0x0000000008000248                serial_1ms_ISR
 .text.serial_send_txe_ISR
                0x000000000800026e       0x38 ./Core/Lib2/serial/serial.o
                0x000000000800026e                serial_send_txe_ISR
 *fill*         0x00000000080002a6        0x2 
 .text.serial_send_byte
                0x00000000080002a8        0xc ./Core/Lib2/serial/serial_port.o
                0x00000000080002a8                serial_send_byte
 .text.serial_txe_it_controal
                0x00000000080002b4       0x34 ./Core/Lib2/serial/serial_port.o
                0x00000000080002b4                serial_txe_it_controal
 .text.serial_tr_control
                0x00000000080002e8        0x2 ./Core/Lib2/serial/serial_port.o
                0x00000000080002e8                serial_tr_control
 .text.serial_receive_frame
                0x00000000080002ea        0x2 ./Core/Lib2/serial/serial_port.o
                0x00000000080002ea                serial_receive_frame
 .text.SystemClock_Config
                0x00000000080002ec       0x58 ./Core/Src/main.o
                0x00000000080002ec                SystemClock_Config
 .text.startup.main
                0x0000000008000344      0x194 ./Core/Src/main.o
                0x0000000008000344                main
 .text.NMI_Handler
                0x00000000080004d8        0x2 ./Core/Src/stm32g0xx_it.o
                0x00000000080004d8                NMI_Handler
 .text.HardFault_Handler
                0x00000000080004da        0x2 ./Core/Src/stm32g0xx_it.o
                0x00000000080004da                HardFault_Handler
 .text.SVC_Handler
                0x00000000080004dc        0x2 ./Core/Src/stm32g0xx_it.o
                0x00000000080004dc                SVC_Handler
 .text.PendSV_Handler
                0x00000000080004de        0x2 ./Core/Src/stm32g0xx_it.o
                0x00000000080004de                PendSV_Handler
 .text.SysTick_Handler
                0x00000000080004e0       0x10 ./Core/Src/stm32g0xx_it.o
                0x00000000080004e0                SysTick_Handler
 .text.USART2_IRQHandler
                0x00000000080004f0       0x3c ./Core/Src/stm32g0xx_it.o
                0x00000000080004f0                USART2_IRQHandler
 .text.SystemInit
                0x000000000800052c        0x2 ./Core/Src/system_stm32g0xx.o
                0x000000000800052c                SystemInit
 *fill*         0x000000000800052e        0x2 
 .text.Reset_Handler
                0x0000000008000530       0x50 ./Core/Startup/startup_stm32g031f8px.o
                0x0000000008000530                Reset_Handler
 .text.Default_Handler
                0x0000000008000580        0x2 ./Core/Startup/startup_stm32g031f8px.o
                0x0000000008000580                TIM1_CC_IRQHandler
                0x0000000008000580                PVD_IRQHandler
                0x0000000008000580                I2C1_IRQHandler
                0x0000000008000580                LPTIM2_IRQHandler
                0x0000000008000580                RTC_TAMP_IRQHandler
                0x0000000008000580                SPI1_IRQHandler
                0x0000000008000580                DMA1_Ch4_5_DMAMUX1_OVR_IRQHandler
                0x0000000008000580                EXTI2_3_IRQHandler
                0x0000000008000580                ADC1_IRQHandler
                0x0000000008000580                I2C2_IRQHandler
                0x0000000008000580                TIM17_IRQHandler
                0x0000000008000580                TIM16_IRQHandler
                0x0000000008000580                TIM3_IRQHandler
                0x0000000008000580                EXTI4_15_IRQHandler
                0x0000000008000580                RCC_IRQHandler
                0x0000000008000580                DMA1_Channel1_IRQHandler
                0x0000000008000580                Default_Handler
                0x0000000008000580                TIM14_IRQHandler
                0x0000000008000580                EXTI0_1_IRQHandler
                0x0000000008000580                SPI2_IRQHandler
                0x0000000008000580                WWDG_IRQHandler
                0x0000000008000580                LPUART1_IRQHandler
                0x0000000008000580                TIM2_IRQHandler
                0x0000000008000580                DMA1_Channel2_3_IRQHandler
                0x0000000008000580                FLASH_IRQHandler
                0x0000000008000580                USART1_IRQHandler
                0x0000000008000580                TIM1_BRK_UP_TRG_COM_IRQHandler
                0x0000000008000580                LPTIM1_IRQHandler
 .text.LL_GPIO_Init
                0x0000000008000582       0xa0 ./Drivers/STM32G0xx_HAL_Driver/Src/stm32g0xx_ll_gpio.o
                0x0000000008000582                LL_GPIO_Init
 *fill*         0x0000000008000622        0x2 
 .text.LL_RCC_HSI_IsReady
                0x0000000008000624       0x10 ./Drivers/STM32G0xx_HAL_Driver/Src/stm32g0xx_ll_rcc.o
 .text.LL_RCC_LSE_IsReady
                0x0000000008000634       0x10 ./Drivers/STM32G0xx_HAL_Driver/Src/stm32g0xx_ll_rcc.o
 .text.RCC_GetHCLKClockFreq
                0x0000000008000644       0x20 ./Drivers/STM32G0xx_HAL_Driver/Src/stm32g0xx_ll_rcc.o
 .text.RCC_GetPCLK1ClockFreq
                0x0000000008000664       0x20 ./Drivers/STM32G0xx_HAL_Driver/Src/stm32g0xx_ll_rcc.o
 .text.RCC_GetSystemClockFreq
                0x0000000008000684       0x64 ./Drivers/STM32G0xx_HAL_Driver/Src/stm32g0xx_ll_rcc.o
 .text.LL_RCC_GetSystemClocksFreq
                0x00000000080006e8       0x18 ./Drivers/STM32G0xx_HAL_Driver/Src/stm32g0xx_ll_rcc.o
                0x00000000080006e8                LL_RCC_GetSystemClocksFreq
 .text.LL_RCC_GetUSARTClockFreq
                0x0000000008000700       0x6c ./Drivers/STM32G0xx_HAL_Driver/Src/stm32g0xx_ll_rcc.o
                0x0000000008000700                LL_RCC_GetUSARTClockFreq
 .text.LL_USART_Init
                0x000000000800076c       0xdc ./Drivers/STM32G0xx_HAL_Driver/Src/stm32g0xx_ll_usart.o
                0x000000000800076c                LL_USART_Init
 .text.LL_Init1msTick
                0x0000000008000848       0x20 ./Drivers/STM32G0xx_HAL_Driver/Src/stm32g0xx_ll_utils.o
                0x0000000008000848                LL_Init1msTick
 .text.LL_SetSystemCoreClock
                0x0000000008000868        0xc ./Drivers/STM32G0xx_HAL_Driver/Src/stm32g0xx_ll_utils.o
                0x0000000008000868                LL_SetSystemCoreClock
 .text.__libc_init_array
                0x0000000008000874       0x48 c:/st/stm32cubeide_1.8.0/stm32cubeide/plugins/com.st.stm32cube.ide.mcu.externaltools.gnu-tools-for-stm32.10.3-2021.10.win32_1.0.0.202111181127/tools/bin/../lib/gcc/arm-none-eabi/10.3.1/../../../../arm-none-eabi/lib/thumb/v6-m/nofp\libc_nano.a(lib_a-init.o)
                0x0000000008000874                __libc_init_array
 .text.memset   0x00000000080008bc       0x10 c:/st/stm32cubeide_1.8.0/stm32cubeide/plugins/com.st.stm32cube.ide.mcu.externaltools.gnu-tools-for-stm32.10.3-2021.10.win32_1.0.0.202111181127/tools/bin/../lib/gcc/arm-none-eabi/10.3.1/../../../../arm-none-eabi/lib/thumb/v6-m/nofp\libc_nano.a(lib_a-memset.o)
                0x00000000080008bc                memset
 *(.glue_7)
 .glue_7        0x00000000080008cc        0x0 linker stubs
 *(.glue_7t)
 .glue_7t       0x00000000080008cc        0x0 linker stubs
 *(.eh_frame)
 .eh_frame      0x00000000080008cc        0x0 c:/st/stm32cubeide_1.8.0/stm32cubeide/plugins/com.st.stm32cube.ide.mcu.externaltools.gnu-tools-for-stm32.10.3-2021.10.win32_1.0.0.202111181127/tools/bin/../lib/gcc/arm-none-eabi/10.3.1/thumb/v6-m/nofp/crtbegin.o
 *(.init)
 .init          0x00000000080008cc        0x4 c:/st/stm32cubeide_1.8.0/stm32cubeide/plugins/com.st.stm32cube.ide.mcu.externaltools.gnu-tools-for-stm32.10.3-2021.10.win32_1.0.0.202111181127/tools/bin/../lib/gcc/arm-none-eabi/10.3.1/thumb/v6-m/nofp/crti.o
                0x00000000080008cc                _init
 .init          0x00000000080008d0        0x8 c:/st/stm32cubeide_1.8.0/stm32cubeide/plugins/com.st.stm32cube.ide.mcu.externaltools.gnu-tools-for-stm32.10.3-2021.10.win32_1.0.0.202111181127/tools/bin/../lib/gcc/arm-none-eabi/10.3.1/thumb/v6-m/nofp/crtn.o
 *(.fini)
 .fini          0x00000000080008d8        0x4 c:/st/stm32cubeide_1.8.0/stm32cubeide/plugins/com.st.stm32cube.ide.mcu.externaltools.gnu-tools-for-stm32.10.3-2021.10.win32_1.0.0.202111181127/tools/bin/../lib/gcc/arm-none-eabi/10.3.1/thumb/v6-m/nofp/crti.o
                0x00000000080008d8                _fini
 .fini          0x00000000080008dc        0x8 c:/st/stm32cubeide_1.8.0/stm32cubeide/plugins/com.st.stm32cube.ide.mcu.externaltools.gnu-tools-for-stm32.10.3-2021.10.win32_1.0.0.202111181127/tools/bin/../lib/gcc/arm-none-eabi/10.3.1/thumb/v6-m/nofp/crtn.o
                0x00000000080008e4                . = ALIGN (0x4)
                0x00000000080008e4                _etext = .

.vfp11_veneer   0x00000000080008e4        0x0
 .vfp11_veneer  0x00000000080008e4        0x0 linker stubs

.v4_bx          0x00000000080008e4        0x0
 .v4_bx         0x00000000080008e4        0x0 linker stubs

.iplt           0x00000000080008e4        0x0
 .iplt          0x00000000080008e4        0x0 c:/st/stm32cubeide_1.8.0/stm32cubeide/plugins/com.st.stm32cube.ide.mcu.externaltools.gnu-tools-for-stm32.10.3-2021.10.win32_1.0.0.202111181127/tools/bin/../lib/gcc/arm-none-eabi/10.3.1/thumb/v6-m/nofp/crtbegin.o

.rodata         0x00000000080008e4       0x90
                0x00000000080008e4                . = ALIGN (0x4)
 *(.rodata)
 *(.rodata*)
 .rodata.AHBPrescTable
                0x00000000080008e4       0x40 ./Core/Src/system_stm32g0xx.o
                0x00000000080008e4                AHBPrescTable
 .rodata.APBPrescTable
                0x0000000008000924       0x20 ./Core/Src/system_stm32g0xx.o
                0x0000000008000924                APBPrescTable
 .rodata.USART_PRESCALER_TAB
                0x0000000008000944       0x30 ./Drivers/STM32G0xx_HAL_Driver/Src/stm32g0xx_ll_usart.o
                0x0000000008000974                . = ALIGN (0x4)

.rel.dyn        0x0000000008000974        0x0
 .rel.iplt      0x0000000008000974        0x0 c:/st/stm32cubeide_1.8.0/stm32cubeide/plugins/com.st.stm32cube.ide.mcu.externaltools.gnu-tools-for-stm32.10.3-2021.10.win32_1.0.0.202111181127/tools/bin/../lib/gcc/arm-none-eabi/10.3.1/thumb/v6-m/nofp/crtbegin.o

.ARM.extab      0x0000000008000974        0x0
                0x0000000008000974                . = ALIGN (0x4)
 *(.ARM.extab* .gnu.linkonce.armextab.*)
                0x0000000008000974                . = ALIGN (0x4)

.ARM            0x0000000008000974        0x0
                0x0000000008000974                . = ALIGN (0x4)
                0x0000000008000974                __exidx_start = .
 *(.ARM.exidx*)
                0x0000000008000974                __exidx_end = .
                0x0000000008000974                . = ALIGN (0x4)

.preinit_array  0x0000000008000974        0x0
                0x0000000008000974                . = ALIGN (0x4)
                0x0000000008000974                PROVIDE (__preinit_array_start = .)
 *(.preinit_array*)
                0x0000000008000974                PROVIDE (__preinit_array_end = .)
                0x0000000008000974                . = ALIGN (0x4)

.init_array     0x0000000008000974        0x4
                0x0000000008000974                . = ALIGN (0x4)
                0x0000000008000974                PROVIDE (__init_array_start = .)
 *(SORT_BY_NAME(.init_array.*))
 *(.init_array*)
 .init_array    0x0000000008000974        0x4 c:/st/stm32cubeide_1.8.0/stm32cubeide/plugins/com.st.stm32cube.ide.mcu.externaltools.gnu-tools-for-stm32.10.3-2021.10.win32_1.0.0.202111181127/tools/bin/../lib/gcc/arm-none-eabi/10.3.1/thumb/v6-m/nofp/crtbegin.o
                0x0000000008000978                PROVIDE (__init_array_end = .)
                0x0000000008000978                . = ALIGN (0x4)

.fini_array     0x0000000008000978        0x4
                0x0000000008000978                . = ALIGN (0x4)
                [!provide]                        PROVIDE (__fini_array_start = .)
 *(SORT_BY_NAME(.fini_array.*))
 *(.fini_array*)
 .fini_array    0x0000000008000978        0x4 c:/st/stm32cubeide_1.8.0/stm32cubeide/plugins/com.st.stm32cube.ide.mcu.externaltools.gnu-tools-for-stm32.10.3-2021.10.win32_1.0.0.202111181127/tools/bin/../lib/gcc/arm-none-eabi/10.3.1/thumb/v6-m/nofp/crtbegin.o
                [!provide]                        PROVIDE (__fini_array_end = .)
                0x000000000800097c                . = ALIGN (0x4)
                0x000000000800097c                _sidata = LOADADDR (.data)

.data           0x0000000020000000        0x8 load address 0x000000000800097c
                0x0000000020000000                . = ALIGN (0x4)
                0x0000000020000000                _sdata = .
 *(.data)
 *(.data*)
 .data.uart     0x0000000020000000        0x4 ./Core/Lib2/serial/serial_port.o
                0x0000000020000000                uart
 .data.SystemCoreClock
                0x0000000020000004        0x4 ./Core/Src/system_stm32g0xx.o
                0x0000000020000004                SystemCoreClock
 *(.RamFunc)
 *(.RamFunc*)
                0x0000000020000008                . = ALIGN (0x4)
                0x0000000020000008                _edata = .

.igot.plt       0x0000000020000008        0x0 load address 0x0000000008000984
 .igot.plt      0x0000000020000008        0x0 c:/st/stm32cubeide_1.8.0/stm32cubeide/plugins/com.st.stm32cube.ide.mcu.externaltools.gnu-tools-for-stm32.10.3-2021.10.win32_1.0.0.202111181127/tools/bin/../lib/gcc/arm-none-eabi/10.3.1/thumb/v6-m/nofp/crtbegin.o
                0x0000000020000008                . = ALIGN (0x4)

.bss            0x0000000020000008       0xa8 load address 0x0000000008000984
                0x0000000020000008                _sbss = .
                0x0000000020000008                __bss_start__ = _sbss
 *(.bss)
 .bss           0x0000000020000008       0x1c c:/st/stm32cubeide_1.8.0/stm32cubeide/plugins/com.st.stm32cube.ide.mcu.externaltools.gnu-tools-for-stm32.10.3-2021.10.win32_1.0.0.202111181127/tools/bin/../lib/gcc/arm-none-eabi/10.3.1/thumb/v6-m/nofp/crtbegin.o
 *(.bss*)
 .bss.uart_instance
                0x0000000020000024       0x8a ./Core/Lib2/serial/serial_port.o
                0x0000000020000024                uart_instance
 *(COMMON)
                0x00000000200000b0                . = ALIGN (0x4)
 *fill*         0x00000000200000ae        0x2 
                0x00000000200000b0                _ebss = .
                0x00000000200000b0                __bss_end__ = _ebss

._user_heap_stack
                0x00000000200000b0      0x600 load address 0x0000000008000984
                0x00000000200000b0                . = ALIGN (0x8)
                [!provide]                        PROVIDE (end = .)
                0x00000000200000b0                PROVIDE (_end = .)
                0x00000000200002b0                . = (. + _Min_Heap_Size)
 *fill*         0x00000000200000b0      0x200 
                0x00000000200006b0                . = (. + _Min_Stack_Size)
 *fill*         0x00000000200002b0      0x400 
                0x00000000200006b0                . = ALIGN (0x8)

/DISCARD/
 libc.a(*)
 libm.a(*)
 libgcc.a(*)

.ARM.attributes
                0x0000000000000000       0x28
 *(.ARM.attributes)
 .ARM.attributes
                0x0000000000000000       0x1e c:/st/stm32cubeide_1.8.0/stm32cubeide/plugins/com.st.stm32cube.ide.mcu.externaltools.gnu-tools-for-stm32.10.3-2021.10.win32_1.0.0.202111181127/tools/bin/../lib/gcc/arm-none-eabi/10.3.1/thumb/v6-m/nofp/crti.o
 .ARM.attributes
                0x000000000000001e       0x2c c:/st/stm32cubeide_1.8.0/stm32cubeide/plugins/com.st.stm32cube.ide.mcu.externaltools.gnu-tools-for-stm32.10.3-2021.10.win32_1.0.0.202111181127/tools/bin/../lib/gcc/arm-none-eabi/10.3.1/thumb/v6-m/nofp/crtbegin.o
 .ARM.attributes
                0x000000000000004a       0x2c ./Core/Lib2/app/app.o
 .ARM.attributes
                0x0000000000000076       0x2c ./Core/Lib2/serial/serial.o
 .ARM.attributes
                0x00000000000000a2       0x2c ./Core/Lib2/serial/serial_port.o
 .ARM.attributes
                0x00000000000000ce       0x2c ./Core/Src/main.o
 .ARM.attributes
                0x00000000000000fa       0x2c ./Core/Src/stm32g0xx_it.o
 .ARM.attributes
                0x0000000000000126       0x2c ./Core/Src/system_stm32g0xx.o
 .ARM.attributes
                0x0000000000000152       0x22 ./Core/Startup/startup_stm32g031f8px.o
 .ARM.attributes
                0x0000000000000174       0x2c ./Drivers/STM32G0xx_HAL_Driver/Src/stm32g0xx_ll_gpio.o
 .ARM.attributes
                0x00000000000001a0       0x2c ./Drivers/STM32G0xx_HAL_Driver/Src/stm32g0xx_ll_rcc.o
 .ARM.attributes
                0x00000000000001cc       0x2c ./Drivers/STM32G0xx_HAL_Driver/Src/stm32g0xx_ll_usart.o
 .ARM.attributes
                0x00000000000001f8       0x2c ./Drivers/STM32G0xx_HAL_Driver/Src/stm32g0xx_ll_utils.o
 .ARM.attributes
                0x0000000000000224       0x2c c:/st/stm32cubeide_1.8.0/stm32cubeide/plugins/com.st.stm32cube.ide.mcu.externaltools.gnu-tools-for-stm32.10.3-2021.10.win32_1.0.0.202111181127/tools/bin/../lib/gcc/arm-none-eabi/10.3.1/../../../../arm-none-eabi/lib/thumb/v6-m/nofp\libc_nano.a(lib_a-init.o)
 .ARM.attributes
                0x0000000000000250       0x2c c:/st/stm32cubeide_1.8.0/stm32cubeide/plugins/com.st.stm32cube.ide.mcu.externaltools.gnu-tools-for-stm32.10.3-2021.10.win32_1.0.0.202111181127/tools/bin/../lib/gcc/arm-none-eabi/10.3.1/../../../../arm-none-eabi/lib/thumb/v6-m/nofp\libc_nano.a(lib_a-memset.o)
 .ARM.attributes
                0x000000000000027c       0x1e c:/st/stm32cubeide_1.8.0/stm32cubeide/plugins/com.st.stm32cube.ide.mcu.externaltools.gnu-tools-for-stm32.10.3-2021.10.win32_1.0.0.202111181127/tools/bin/../lib/gcc/arm-none-eabi/10.3.1/thumb/v6-m/nofp\libgcc.a(_udivsi3.o)
 .ARM.attributes
                0x000000000000029a       0x1e c:/st/stm32cubeide_1.8.0/stm32cubeide/plugins/com.st.stm32cube.ide.mcu.externaltools.gnu-tools-for-stm32.10.3-2021.10.win32_1.0.0.202111181127/tools/bin/../lib/gcc/arm-none-eabi/10.3.1/thumb/v6-m/nofp\libgcc.a(_dvmd_tls.o)
 .ARM.attributes
                0x00000000000002b8       0x1e c:/st/stm32cubeide_1.8.0/stm32cubeide/plugins/com.st.stm32cube.ide.mcu.externaltools.gnu-tools-for-stm32.10.3-2021.10.win32_1.0.0.202111181127/tools/bin/../lib/gcc/arm-none-eabi/10.3.1/thumb/v6-m/nofp/crtn.o
OUTPUT(bootloader.elf elf32-littlearm)
LOAD linker stubs
LOAD c:/st/stm32cubeide_1.8.0/stm32cubeide/plugins/com.st.stm32cube.ide.mcu.externaltools.gnu-tools-for-stm32.10.3-2021.10.win32_1.0.0.202111181127/tools/bin/../lib/gcc/arm-none-eabi/10.3.1/../../../../arm-none-eabi/lib/thumb/v6-m/nofp\libc.a
LOAD c:/st/stm32cubeide_1.8.0/stm32cubeide/plugins/com.st.stm32cube.ide.mcu.externaltools.gnu-tools-for-stm32.10.3-2021.10.win32_1.0.0.202111181127/tools/bin/../lib/gcc/arm-none-eabi/10.3.1/../../../../arm-none-eabi/lib/thumb/v6-m/nofp\libm.a
LOAD c:/st/stm32cubeide_1.8.0/stm32cubeide/plugins/com.st.stm32cube.ide.mcu.externaltools.gnu-tools-for-stm32.10.3-2021.10.win32_1.0.0.202111181127/tools/bin/../lib/gcc/arm-none-eabi/10.3.1/thumb/v6-m/nofp\libgcc.a

.debug_info     0x0000000000000000     0x50dd
 .debug_info    0x0000000000000000       0x4a ./Core/Lib2/app/app.o
 .debug_info    0x000000000000004a      0x3d9 ./Core/Lib2/serial/serial.o
 .debug_info    0x0000000000000423      0x621 ./Core/Lib2/serial/serial_port.o
 .debug_info    0x0000000000000a44     0x1200 ./Core/Src/main.o
 .debug_info    0x0000000000001c44      0x4dc ./Core/Src/stm32g0xx_it.o
 .debug_info    0x0000000000002120      0x33b ./Core/Src/system_stm32g0xx.o
 .debug_info    0x000000000000245b       0x22 ./Core/Startup/startup_stm32g031f8px.o
 .debug_info    0x000000000000247d      0x7ec ./Drivers/STM32G0xx_HAL_Driver/Src/stm32g0xx_ll_gpio.o
 .debug_info    0x0000000000002c69      0xdf3 ./Drivers/STM32G0xx_HAL_Driver/Src/stm32g0xx_ll_rcc.o
 .debug_info    0x0000000000003a5c      0x99b ./Drivers/STM32G0xx_HAL_Driver/Src/stm32g0xx_ll_usart.o
 .debug_info    0x00000000000043f7      0xce6 ./Drivers/STM32G0xx_HAL_Driver/Src/stm32g0xx_ll_utils.o

.debug_abbrev   0x0000000000000000     0x1674
 .debug_abbrev  0x0000000000000000       0x47 ./Core/Lib2/app/app.o
 .debug_abbrev  0x0000000000000047      0x16d ./Core/Lib2/serial/serial.o
 .debug_abbrev  0x00000000000001b4      0x254 ./Core/Lib2/serial/serial_port.o
 .debug_abbrev  0x0000000000000408      0x385 ./Core/Src/main.o
 .debug_abbrev  0x000000000000078d      0x218 ./Core/Src/stm32g0xx_it.o
 .debug_abbrev  0x00000000000009a5      0x134 ./Core/Src/system_stm32g0xx.o
 .debug_abbrev  0x0000000000000ad9       0x12 ./Core/Startup/startup_stm32g031f8px.o
 .debug_abbrev  0x0000000000000aeb      0x1f9 ./Drivers/STM32G0xx_HAL_Driver/Src/stm32g0xx_ll_gpio.o
 .debug_abbrev  0x0000000000000ce4      0x32f ./Drivers/STM32G0xx_HAL_Driver/Src/stm32g0xx_ll_rcc.o
 .debug_abbrev  0x0000000000001013      0x30e ./Drivers/STM32G0xx_HAL_Driver/Src/stm32g0xx_ll_usart.o
 .debug_abbrev  0x0000000000001321      0x353 ./Drivers/STM32G0xx_HAL_Driver/Src/stm32g0xx_ll_utils.o

.debug_aranges  0x0000000000000000      0x2b0
 .debug_aranges
                0x0000000000000000       0x20 ./Core/Lib2/app/app.o
 .debug_aranges
                0x0000000000000020       0x38 ./Core/Lib2/serial/serial.o
 .debug_aranges
                0x0000000000000058       0x38 ./Core/Lib2/serial/serial_port.o
 .debug_aranges
                0x0000000000000090       0x30 ./Core/Src/main.o
 .debug_aranges
                0x00000000000000c0       0x40 ./Core/Src/stm32g0xx_it.o
 .debug_aranges
                0x0000000000000100       0x28 ./Core/Src/system_stm32g0xx.o
 .debug_aranges
                0x0000000000000128       0x28 ./Core/Startup/startup_stm32g031f8px.o
 .debug_aranges
                0x0000000000000150       0x30 ./Drivers/STM32G0xx_HAL_Driver/Src/stm32g0xx_ll_gpio.o
 .debug_aranges
                0x0000000000000180       0xa0 ./Drivers/STM32G0xx_HAL_Driver/Src/stm32g0xx_ll_rcc.o
 .debug_aranges
                0x0000000000000220       0x40 ./Drivers/STM32G0xx_HAL_Driver/Src/stm32g0xx_ll_usart.o
 .debug_aranges
                0x0000000000000260       0x50 ./Drivers/STM32G0xx_HAL_Driver/Src/stm32g0xx_ll_utils.o

.debug_ranges   0x0000000000000000      0x9a8
 .debug_ranges  0x0000000000000000       0x10 ./Core/Lib2/app/app.o
 .debug_ranges  0x0000000000000010       0x28 ./Core/Lib2/serial/serial.o
 .debug_ranges  0x0000000000000038       0x70 ./Core/Lib2/serial/serial_port.o
 .debug_ranges  0x00000000000000a8      0x2d0 ./Core/Src/main.o
 .debug_ranges  0x0000000000000378       0x48 ./Core/Src/stm32g0xx_it.o
 .debug_ranges  0x00000000000003c0       0x18 ./Core/Src/system_stm32g0xx.o
 .debug_ranges  0x00000000000003d8       0x20 ./Core/Startup/startup_stm32g031f8px.o
 .debug_ranges  0x00000000000003f8       0x88 ./Drivers/STM32G0xx_HAL_Driver/Src/stm32g0xx_ll_gpio.o
 .debug_ranges  0x0000000000000480      0x278 ./Drivers/STM32G0xx_HAL_Driver/Src/stm32g0xx_ll_rcc.o
 .debug_ranges  0x00000000000006f8       0x80 ./Drivers/STM32G0xx_HAL_Driver/Src/stm32g0xx_ll_usart.o
 .debug_ranges  0x0000000000000778      0x230 ./Drivers/STM32G0xx_HAL_Driver/Src/stm32g0xx_ll_utils.o

.debug_macro    0x0000000000000000     0xf864
 .debug_macro   0x0000000000000000       0x1b ./Core/Lib2/app/app.o
 .debug_macro   0x000000000000001b      0xa96 ./Core/Lib2/app/app.o
 .debug_macro   0x0000000000000ab1      0x146 ./Core/Lib2/serial/serial.o
 .debug_macro   0x0000000000000bf7       0x22 ./Core/Lib2/serial/serial.o
 .debug_macro   0x0000000000000c19       0x8e ./Core/Lib2/serial/serial.o
 .debug_macro   0x0000000000000ca7       0x51 ./Core/Lib2/serial/serial.o
 .debug_macro   0x0000000000000cf8      0x103 ./Core/Lib2/serial/serial.o
 .debug_macro   0x0000000000000dfb       0x6a ./Core/Lib2/serial/serial.o
 .debug_macro   0x0000000000000e65      0x1df ./Core/Lib2/serial/serial.o
 .debug_macro   0x0000000000001044       0x52 ./Core/Lib2/serial/serial.o
 .debug_macro   0x0000000000001096       0x18 ./Core/Lib2/serial/serial.o
 .debug_macro   0x00000000000010ae       0x3c ./Core/Lib2/serial/serial.o
 .debug_macro   0x00000000000010ea       0x34 ./Core/Lib2/serial/serial.o
 .debug_macro   0x000000000000111e      0x174 ./Core/Lib2/serial/serial.o
 .debug_macro   0x0000000000001292       0x16 ./Core/Lib2/serial/serial.o
 .debug_macro   0x00000000000012a8       0x43 ./Core/Lib2/serial/serial.o
 .debug_macro   0x00000000000012eb       0x34 ./Core/Lib2/serial/serial.o
 .debug_macro   0x000000000000131f       0x10 ./Core/Lib2/serial/serial.o
 .debug_macro   0x000000000000132f       0x58 ./Core/Lib2/serial/serial.o
 .debug_macro   0x0000000000001387       0x71 ./Core/Lib2/serial/serial.o
 .debug_macro   0x00000000000013f8       0x1c ./Core/Lib2/serial/serial.o
 .debug_macro   0x0000000000001414      0x12a ./Core/Lib2/serial/serial.o
 .debug_macro   0x000000000000153e      0x341 ./Core/Lib2/serial/serial.o
 .debug_macro   0x000000000000187f       0x10 ./Core/Lib2/serial/serial.o
 .debug_macro   0x000000000000188f       0x35 ./Core/Lib2/serial/serial.o
 .debug_macro   0x00000000000018c4       0x20 ./Core/Lib2/serial/serial.o
 .debug_macro   0x00000000000018e4      0x145 ./Core/Lib2/serial/serial_port.o
 .debug_macro   0x0000000000001a29       0x2e ./Core/Lib2/serial/serial_port.o
 .debug_macro   0x0000000000001a57       0x28 ./Core/Lib2/serial/serial_port.o
 .debug_macro   0x0000000000001a7f       0x1c ./Core/Lib2/serial/serial_port.o
 .debug_macro   0x0000000000001a9b       0x22 ./Core/Lib2/serial/serial_port.o
 .debug_macro   0x0000000000001abd       0xd1 ./Core/Lib2/serial/serial_port.o
 .debug_macro   0x0000000000001b8e      0x4da ./Core/Lib2/serial/serial_port.o
 .debug_macro   0x0000000000002068      0x11f ./Core/Lib2/serial/serial_port.o
 .debug_macro   0x0000000000002187     0xac09 ./Core/Lib2/serial/serial_port.o
 .debug_macro   0x000000000000cd90       0x66 ./Core/Lib2/serial/serial_port.o
 .debug_macro   0x000000000000cdf6      0x53d ./Core/Lib2/serial/serial_port.o
 .debug_macro   0x000000000000d333       0xee ./Core/Lib2/serial/serial_port.o
 .debug_macro   0x000000000000d421      0x156 ./Core/Lib2/serial/serial_port.o
 .debug_macro   0x000000000000d577      0x192 ./Core/Lib2/serial/serial_port.o
 .debug_macro   0x000000000000d709      0x174 ./Core/Lib2/serial/serial_port.o
 .debug_macro   0x000000000000d87d       0x5a ./Core/Lib2/serial/serial_port.o
 .debug_macro   0x000000000000d8d7      0x1c7 ./Core/Lib2/serial/serial_port.o
 .debug_macro   0x000000000000da9e      0x390 ./Core/Lib2/serial/serial_port.o
 .debug_macro   0x000000000000de2e      0x209 ./Core/Lib2/serial/serial_port.o
 .debug_macro   0x000000000000e037      0x40f ./Core/Lib2/serial/serial_port.o
 .debug_macro   0x000000000000e446      0x131 ./Core/Lib2/serial/serial_port.o
 .debug_macro   0x000000000000e577       0x10 ./Core/Lib2/serial/serial_port.o
 .debug_macro   0x000000000000e587      0x146 ./Core/Src/main.o
 .debug_macro   0x000000000000e6cd      0x159 ./Core/Src/stm32g0xx_it.o
 .debug_macro   0x000000000000e826       0xc3 ./Core/Src/system_stm32g0xx.o
 .debug_macro   0x000000000000e8e9      0x105 ./Drivers/STM32G0xx_HAL_Driver/Src/stm32g0xx_ll_gpio.o
 .debug_macro   0x000000000000e9ee      0x12b ./Drivers/STM32G0xx_HAL_Driver/Src/stm32g0xx_ll_gpio.o
 .debug_macro   0x000000000000eb19      0x102 ./Drivers/STM32G0xx_HAL_Driver/Src/stm32g0xx_ll_rcc.o
 .debug_macro   0x000000000000ec1b      0x138 ./Drivers/STM32G0xx_HAL_Driver/Src/stm32g0xx_ll_usart.o
 .debug_macro   0x000000000000ed53      0x409 ./Drivers/STM32G0xx_HAL_Driver/Src/stm32g0xx_ll_usart.o
 .debug_macro   0x000000000000f15c      0x543 ./Drivers/STM32G0xx_HAL_Driver/Src/stm32g0xx_ll_usart.o
 .debug_macro   0x000000000000f69f      0x171 ./Drivers/STM32G0xx_HAL_Driver/Src/stm32g0xx_ll_utils.o
 .debug_macro   0x000000000000f810       0x54 ./Drivers/STM32G0xx_HAL_Driver/Src/stm32g0xx_ll_utils.o

.debug_line     0x0000000000000000     0x4e00
 .debug_line    0x0000000000000000       0x52 ./Core/Lib2/app/app.o
 .debug_line    0x0000000000000052      0x64e ./Core/Lib2/serial/serial.o
 .debug_line    0x00000000000006a0      0x6ca ./Core/Lib2/serial/serial_port.o
 .debug_line    0x0000000000000d6a      0xb88 ./Core/Src/main.o
 .debug_line    0x00000000000018f2      0x72b ./Core/Src/stm32g0xx_it.o
 .debug_line    0x000000000000201d      0x552 ./Core/Src/system_stm32g0xx.o
 .debug_line    0x000000000000256f       0x89 ./Core/Startup/startup_stm32g031f8px.o
 .debug_line    0x00000000000025f8      0x727 ./Drivers/STM32G0xx_HAL_Driver/Src/stm32g0xx_ll_gpio.o
 .debug_line    0x0000000000002d1f      0xe19 ./Drivers/STM32G0xx_HAL_Driver/Src/stm32g0xx_ll_rcc.o
 .debug_line    0x0000000000003b38      0x7a5 ./Drivers/STM32G0xx_HAL_Driver/Src/stm32g0xx_ll_usart.o
 .debug_line    0x00000000000042dd      0xb23 ./Drivers/STM32G0xx_HAL_Driver/Src/stm32g0xx_ll_utils.o

.debug_str      0x0000000000000000    0x55177
 .debug_str     0x0000000000000000     0x2ce6 ./Core/Lib2/app/app.o
 .debug_str     0x0000000000002ce6     0x4042 ./Core/Lib2/serial/serial.o
                                       0x6efe (size before relaxing)
 .debug_str     0x0000000000006d28    0x4b7f5 ./Core/Lib2/serial/serial_port.o
                                      0x4f58a (size before relaxing)
 .debug_str     0x000000000005251d      0x627 ./Core/Src/main.o
                                      0x4facb (size before relaxing)
 .debug_str     0x0000000000052b44       0xde ./Core/Src/stm32g0xx_it.o
                                      0x4f571 (size before relaxing)
 .debug_str     0x0000000000052c22       0x8c ./Core/Src/system_stm32g0xx.o
                                      0x44f28 (size before relaxing)
 .debug_str     0x0000000000052cae       0x36 ./Core/Startup/startup_stm32g031f8px.o
                                         0x58 (size before relaxing)
 .debug_str     0x0000000000052ce4      0x565 ./Drivers/STM32G0xx_HAL_Driver/Src/stm32g0xx_ll_gpio.o
                                      0x461a6 (size before relaxing)
 .debug_str     0x0000000000053249      0x773 ./Drivers/STM32G0xx_HAL_Driver/Src/stm32g0xx_ll_rcc.o
                                      0x48259 (size before relaxing)
 .debug_str     0x00000000000539bc      0xa97 ./Drivers/STM32G0xx_HAL_Driver/Src/stm32g0xx_ll_usart.o
                                      0x4a5ca (size before relaxing)
 .debug_str     0x0000000000054453      0xd24 ./Drivers/STM32G0xx_HAL_Driver/Src/stm32g0xx_ll_utils.o
                                      0x49e1f (size before relaxing)

.comment        0x0000000000000000       0x50
 .comment       0x0000000000000000       0x50 ./Core/Lib2/app/app.o
                                         0x51 (size before relaxing)
 .comment       0x0000000000000050       0x51 ./Core/Lib2/serial/serial.o
 .comment       0x0000000000000050       0x51 ./Core/Lib2/serial/serial_port.o
 .comment       0x0000000000000050       0x51 ./Core/Src/main.o
 .comment       0x0000000000000050       0x51 ./Core/Src/stm32g0xx_it.o
 .comment       0x0000000000000050       0x51 ./Core/Src/system_stm32g0xx.o
 .comment       0x0000000000000050       0x51 ./Drivers/STM32G0xx_HAL_Driver/Src/stm32g0xx_ll_gpio.o
 .comment       0x0000000000000050       0x51 ./Drivers/STM32G0xx_HAL_Driver/Src/stm32g0xx_ll_rcc.o
 .comment       0x0000000000000050       0x51 ./Drivers/STM32G0xx_HAL_Driver/Src/stm32g0xx_ll_usart.o
 .comment       0x0000000000000050       0x51 ./Drivers/STM32G0xx_HAL_Driver/Src/stm32g0xx_ll_utils.o

.debug_frame    0x0000000000000000      0x58c
 .debug_frame   0x0000000000000000       0x30 ./Core/Lib2/app/app.o
 .debug_frame   0x0000000000000030       0x78 ./Core/Lib2/serial/serial.o
 .debug_frame   0x00000000000000a8       0x50 ./Core/Lib2/serial/serial_port.o
 .debug_frame   0x00000000000000f8       0x58 ./Core/Src/main.o
 .debug_frame   0x0000000000000150       0x80 ./Core/Src/stm32g0xx_it.o
 .debug_frame   0x00000000000001d0       0x3c ./Core/Src/system_stm32g0xx.o
 .debug_frame   0x000000000000020c       0x54 ./Drivers/STM32G0xx_HAL_Driver/Src/stm32g0xx_ll_gpio.o
 .debug_frame   0x0000000000000260      0x184 ./Drivers/STM32G0xx_HAL_Driver/Src/stm32g0xx_ll_rcc.o
 .debug_frame   0x00000000000003e4       0x7c ./Drivers/STM32G0xx_HAL_Driver/Src/stm32g0xx_ll_usart.o
 .debug_frame   0x0000000000000460       0xc0 ./Drivers/STM32G0xx_HAL_Driver/Src/stm32g0xx_ll_utils.o
 .debug_frame   0x0000000000000520       0x2c c:/st/stm32cubeide_1.8.0/stm32cubeide/plugins/com.st.stm32cube.ide.mcu.externaltools.gnu-tools-for-stm32.10.3-2021.10.win32_1.0.0.202111181127/tools/bin/../lib/gcc/arm-none-eabi/10.3.1/../../../../arm-none-eabi/lib/thumb/v6-m/nofp\libc_nano.a(lib_a-init.o)
 .debug_frame   0x000000000000054c       0x20 c:/st/stm32cubeide_1.8.0/stm32cubeide/plugins/com.st.stm32cube.ide.mcu.externaltools.gnu-tools-for-stm32.10.3-2021.10.win32_1.0.0.202111181127/tools/bin/../lib/gcc/arm-none-eabi/10.3.1/../../../../arm-none-eabi/lib/thumb/v6-m/nofp\libc_nano.a(lib_a-memset.o)
 .debug_frame   0x000000000000056c       0x20 c:/st/stm32cubeide_1.8.0/stm32cubeide/plugins/com.st.stm32cube.ide.mcu.externaltools.gnu-tools-for-stm32.10.3-2021.10.win32_1.0.0.202111181127/tools/bin/../lib/gcc/arm-none-eabi/10.3.1/thumb/v6-m/nofp\libgcc.a(_udivsi3.o)

.debug_loc      0x0000000000000000     0x1dc0
 .debug_loc     0x0000000000000000      0x14f ./Core/Lib2/serial/serial.o
 .debug_loc     0x000000000000014f      0x162 ./Core/Lib2/serial/serial_port.o
 .debug_loc     0x00000000000002b1      0x340 ./Core/Src/main.o
 .debug_loc     0x00000000000005f1       0x82 ./Core/Src/stm32g0xx_it.o
 .debug_loc     0x0000000000000673       0xe0 ./Core/Src/system_stm32g0xx.o
 .debug_loc     0x0000000000000753      0x360 ./Drivers/STM32G0xx_HAL_Driver/Src/stm32g0xx_ll_gpio.o
 .debug_loc     0x0000000000000ab3      0x797 ./Drivers/STM32G0xx_HAL_Driver/Src/stm32g0xx_ll_rcc.o
 .debug_loc     0x000000000000124a      0x412 ./Drivers/STM32G0xx_HAL_Driver/Src/stm32g0xx_ll_usart.o
 .debug_loc     0x000000000000165c      0x764 ./Drivers/STM32G0xx_HAL_Driver/Src/stm32g0xx_ll_utils.o
